warning: Type
 --> $DIR/tests/pass/types/conditional/conditionalTypes1/3.ts:2:9
  |
2 |     x = y;
  |         ^
  |
  = note: NonNullable<T>

warning: Type
 --> $DIR/tests/pass/types/conditional/conditionalTypes1/3.ts:2:5
  |
2 |     x = y;
  |     ^^^^^
  |
  = note: NonNullable<T>

