warning: Type
 --> $DIR/tests/pass/controlFlow/whileStmt/controlFlowWhileStatement/2.ts:2:1
  |
2 | x = "";
  | ^^^^^^
  |
  = note: ""

warning: Type
 --> $DIR/tests/pass/controlFlow/whileStmt/controlFlowWhileStatement/2.ts:3:12
  |
3 | while (x = x.length) {
  |            ^
  |
  = note: string

warning: Type
 --> $DIR/tests/pass/controlFlow/whileStmt/controlFlowWhileStatement/2.ts:3:12
  |
3 | while (x = x.length) {
  |            ^^^^^^^^
  |
  = note: number

warning: Type
 --> $DIR/tests/pass/controlFlow/whileStmt/controlFlowWhileStatement/2.ts:3:8
  |
3 | while (x = x.length) {
  |        ^^^^^^^^^^^^
  |
  = note: number

warning: Type
 --> $DIR/tests/pass/controlFlow/whileStmt/controlFlowWhileStatement/2.ts:4:5
  |
4 |     x; // number
  |     ^
  |
  = note: number

warning: Type
 --> $DIR/tests/pass/controlFlow/whileStmt/controlFlowWhileStatement/2.ts:5:5
  |
5 |     x = "";
  |     ^^^^^^
  |
  = note: ""

