warning: Type
  --> $DIR/tests/pass/vars/destructuring/object/rest/1.ts:7:32
   |
7  |   const obj: Readonly<ObjType> = {
   |  ________________________________^
8  | |     foo: 'bar',
9  | |     baz: 'qux',
10 | |     quux: 'quuz',
11 | | }
   | |_^
   |
   = note: {
               foo: 'bar';
               baz: 'qux';
               quux: 'quuz';
           }

warning: Type
  --> $DIR/tests/pass/vars/destructuring/object/rest/1.ts:13:33
   |
13 | export const { foo, ...rest } = obj
   |                                 ^^^
   |
   = note: {
               foo: string;
               baz: string;
               quux: string;
           }

warning: Type
  --> $DIR/tests/pass/vars/destructuring/object/rest/1.ts:15:1
   |
15 | foo
   | ^^^
   |
   = note: string

warning: Type
  --> $DIR/tests/pass/vars/destructuring/object/rest/1.ts:16:1
   |
16 | rest
   | ^^^^
   |
   = note: {
               baz: string;
               quux: string;
           }

