error: TS1168 {
    span: Span {
        lo: BytePos(
            28,
        ),
        hi: BytePos(
            31,
        ),
        ctxt: #0,
    },
}
 --> $DIR/tests/conformance/parser/ecmascript5/ComputedPropertyNames/parserES5ComputedPropertyName11.ts:3:4
  |
3 |    [e]();
  |    ^^^

error: UndefinedSymbol {
    sym: Atom('e' type=inline),
    span: Span {
        lo: BytePos(
            29,
        ),
        hi: BytePos(
            30,
        ),
        ctxt: #0,
    },
}
 --> $DIR/tests/conformance/parser/ecmascript5/ComputedPropertyNames/parserES5ComputedPropertyName11.ts:3:5
  |
3 |    [e]();
  |     ^

