error: TS2491
 --> $DIR/tests/conformance/statements/for-inStatements/for-inStatementsDestructuring3.ts:2:6
  |
2 | for ([a, b] in []) { }
  |      ^^^^^^

