warning: Type
 --> $DIR/tests/visualize/controlFlow/guard/primitive-1.ts:2:9
  |
2 |     if (thing instanceof Object) {
  |         ^^^^^
  |
  = note: string | number | Date

warning: Type
 --> $DIR/tests/visualize/controlFlow/guard/primitive-1.ts:2:26
  |
2 |     if (thing instanceof Object) {
  |                          ^^^^^^
  |
  = note: ObjectConstructor

warning: Type
 --> $DIR/tests/visualize/controlFlow/guard/primitive-1.ts:2:9
  |
2 |     if (thing instanceof Object) {
  |         ^^^^^^^^^^^^^^^^^^^^^^^
  |
  = note: boolean

warning: Type
 --> $DIR/tests/visualize/controlFlow/guard/primitive-1.ts:3:47
  |
3 |         console.log("Aha!! It's a Date in " + thing.getFullYear());
  |                                               ^^^^^
  |
  = note: Date

warning: Type
 --> $DIR/tests/visualize/controlFlow/guard/primitive-1.ts:3:9
  |
3 |         console.log("Aha!! It's a Date in " + thing.getFullYear());
  |         ^^^^^^^
  |
  = note: Console

warning: Type
 --> $DIR/tests/visualize/controlFlow/guard/primitive-1.ts:3:9
  |
3 |         console.log("Aha!! It's a Date in " + thing.getFullYear());
  |         ^^^^^^^^^^^^^^^^^^^^^^^^^^^^^^^^^^^^^^^^^^^^^^^^^^^^^^^^^^
  |
  = note: void

warning: Type
 --> $DIR/tests/visualize/controlFlow/guard/primitive-1.ts:4:23
  |
4 |     } else if (typeof thing === 'string') {
  |                       ^^^^^
  |
  = note: string | number | Date

warning: Type
 --> $DIR/tests/visualize/controlFlow/guard/primitive-1.ts:4:16
  |
4 |     } else if (typeof thing === 'string') {
  |                ^^^^^^^^^^^^
  |
  = note: string

warning: Type
 --> $DIR/tests/visualize/controlFlow/guard/primitive-1.ts:4:16
  |
4 |     } else if (typeof thing === 'string') {
  |                ^^^^^^^^^^^^^^^^^^^^^^^^^
  |
  = note: boolean

warning: Type
 --> $DIR/tests/visualize/controlFlow/guard/primitive-1.ts:5:56
  |
5 |         console.log("Aha!! It's a string of length " + thing.length);
  |                                                        ^^^^^
  |
  = note: string

warning: Type
 --> $DIR/tests/visualize/controlFlow/guard/primitive-1.ts:5:56
  |
5 |         console.log("Aha!! It's a string of length " + thing.length);
  |                                                        ^^^^^^^^^^^^
  |
  = note: number

warning: Type
 --> $DIR/tests/visualize/controlFlow/guard/primitive-1.ts:5:21
  |
5 |         console.log("Aha!! It's a string of length " + thing.length);
  |                     ^^^^^^^^^^^^^^^^^^^^^^^^^^^^^^^^^^^^^^^^^^^^^^^
  |
  = note: string

warning: Type
 --> $DIR/tests/visualize/controlFlow/guard/primitive-1.ts:5:9
  |
5 |         console.log("Aha!! It's a string of length " + thing.length);
  |         ^^^^^^^
  |
  = note: Console

warning: Type
 --> $DIR/tests/visualize/controlFlow/guard/primitive-1.ts:5:9
  |
5 |         console.log("Aha!! It's a string of length " + thing.length);
  |         ^^^^^^^^^^^^^^^^^^^^^^^^^^^^^^^^^^^^^^^^^^^^^^^^^^^^^^^^^^^^
  |
  = note: void

warning: Type
 --> $DIR/tests/visualize/controlFlow/guard/primitive-1.ts:7:48
  |
7 |         console.log("Aha!! It's the number " + thing.toPrecision(3));
  |                                                ^^^^^
  |
  = note: number

warning: Type
 --> $DIR/tests/visualize/controlFlow/guard/primitive-1.ts:7:9
  |
7 |         console.log("Aha!! It's the number " + thing.toPrecision(3));
  |         ^^^^^^^
  |
  = note: Console

warning: Type
 --> $DIR/tests/visualize/controlFlow/guard/primitive-1.ts:7:9
  |
7 |         console.log("Aha!! It's the number " + thing.toPrecision(3));
  |         ^^^^^^^^^^^^^^^^^^^^^^^^^^^^^^^^^^^^^^^^^^^^^^^^^^^^^^^^^^^^
  |
  = note: void

warning: Type
  --> $DIR/tests/visualize/controlFlow/guard/primitive-1.ts:11:17
   |
11 | distinguish(new Date());
   |                 ^^^^
   |
   = note: DateConstructor

warning: Type
  --> $DIR/tests/visualize/controlFlow/guard/primitive-1.ts:11:13
   |
11 | distinguish(new Date());
   |             ^^^^^^^^^^
   |
   = note: Date

warning: Type
  --> $DIR/tests/visualize/controlFlow/guard/primitive-1.ts:11:1
   |
11 | distinguish(new Date());
   | ^^^^^^^^^^^
   |
   = note: (thing: string | number | Date) => void

warning: Type
  --> $DIR/tests/visualize/controlFlow/guard/primitive-1.ts:11:1
   |
11 | distinguish(new Date());
   | ^^^^^^^^^^^^^^^^^^^^^^^
   |
   = note: void

warning: Type
  --> $DIR/tests/visualize/controlFlow/guard/primitive-1.ts:12:1
   |
12 | distinguish("beef");
   | ^^^^^^^^^^^
   |
   = note: (thing: string | number | Date) => void

warning: Type
  --> $DIR/tests/visualize/controlFlow/guard/primitive-1.ts:12:1
   |
12 | distinguish("beef");
   | ^^^^^^^^^^^^^^^^^^^
   |
   = note: void

warning: Type
  --> $DIR/tests/visualize/controlFlow/guard/primitive-1.ts:13:1
   |
13 | distinguish(3.14159265);
   | ^^^^^^^^^^^
   |
   = note: (thing: string | number | Date) => void

warning: Type
  --> $DIR/tests/visualize/controlFlow/guard/primitive-1.ts:13:1
   |
13 | distinguish(3.14159265);
   | ^^^^^^^^^^^^^^^^^^^^^^^
   |
   = note: void

