warning: Type
 --> $DIR/tests/visualize/class/member/numeric-key-1.ts:7:17
  |
7 | export var r1 = c[1];
  |                 ^
  |
  = note: C

warning: Type
 --> $DIR/tests/visualize/class/member/numeric-key-1.ts:7:17
  |
7 | export var r1 = c[1];
  |                 ^^^^
  |
  = note: number

warning: Type
 --> $DIR/tests/visualize/class/member/numeric-key-1.ts:8:17
  |
8 | export var r2 = c[1.1];
  |                 ^
  |
  = note: C

warning: Type
 --> $DIR/tests/visualize/class/member/numeric-key-1.ts:8:17
  |
8 | export var r2 = c[1.1];
  |                 ^^^^^^
  |
  = note: string

warning: Type
 --> $DIR/tests/visualize/class/member/numeric-key-1.ts:9:17
  |
9 | export var r3 = c['1'];
  |                 ^
  |
  = note: C

warning: Type
 --> $DIR/tests/visualize/class/member/numeric-key-1.ts:9:17
  |
9 | export var r3 = c['1'];
  |                 ^^^^^^
  |
  = note: number

warning: Type
  --> $DIR/tests/visualize/class/member/numeric-key-1.ts:10:17
   |
10 | export var r4 = c['1.1'];
   |                 ^
   |
   = note: C

warning: Type
  --> $DIR/tests/visualize/class/member/numeric-key-1.ts:10:17
   |
10 | export var r4 = c['1.1'];
   |                 ^^^^^^^^
   |
   = note: string

