warning: Type
  --> $DIR/tests/pass/types/enums/simple-access-1.ts:15:40
   |
15 | const snb: string | number | boolean = item[e];
   |                                        ^^^^
   |
   = note: Item

warning: Type
  --> $DIR/tests/pass/types/enums/simple-access-1.ts:15:45
   |
15 | const snb: string | number | boolean = item[e];
   |                                             ^
   |
   = note: E

warning: Type
  --> $DIR/tests/pass/types/enums/simple-access-1.ts:15:40
   |
15 | const snb: string | number | boolean = item[e];
   |                                        ^^^^^^^
   |
   = note: string | number | boolean

