warning: Type
 --> $DIR/tests/pass/controlFlow/forOfStmt/union/2.ts:2:17
  |
2 | for (const v of union) {
  |                 ^^^^^
  |
  = note: string | string[]

warning: Type
 --> $DIR/tests/pass/controlFlow/forOfStmt/union/2.ts:3:5
  |
3 |     v
  |     ^
  |
  = note: string

