warning: Type
 --> $DIR/tests/pass/vars/forOf/rest/1.ts:3:30
  |
3 | for (let { x, ...restOf } of array) {
  |                              ^^^^^
  |
  = note: {
              x: number;
              y: string;
          }[]

warning: Type
 --> $DIR/tests/pass/vars/forOf/rest/1.ts:4:6
  |
4 |     [x, restOf];
  |      ^
  |
  = note: number

warning: Type
 --> $DIR/tests/pass/vars/forOf/rest/1.ts:4:9
  |
4 |     [x, restOf];
  |         ^^^^^^
  |
  = note: {
              y: string;
          }

warning: Type
 --> $DIR/tests/pass/vars/forOf/rest/1.ts:4:5
  |
4 |     [x, restOf];
  |     ^^^^^^^^^^^
  |
  = note: (number | {
              y: string;
          })[]

warning: Type
 --> $DIR/tests/pass/vars/forOf/rest/1.ts:8:32
  |
8 | for ({ x: xx, ...rrestOff } of array) {
  |                                ^^^^^
  |
  = note: {
              x: number;
              y: string;
          }[]

warning: Type
 --> $DIR/tests/pass/vars/forOf/rest/1.ts:9:6
  |
9 |     [xx, rrestOff];
  |      ^^
  |
  = note: number

warning: Type
 --> $DIR/tests/pass/vars/forOf/rest/1.ts:9:10
  |
9 |     [xx, rrestOff];
  |          ^^^^^^^^
  |
  = note: {
              y: string;
          }

warning: Type
 --> $DIR/tests/pass/vars/forOf/rest/1.ts:9:5
  |
9 |     [xx, rrestOff];
  |     ^^^^^^^^^^^^^^
  |
  = note: (number | {
              y: string;
          })[]

